AXKLIB_C_1.0 {
  global:
    axk_abi_version;
    axk_abi_version_major;
    axk_abi_version_minor;
    axk_buffer_data;
    axk_buffer_destroy;
    axk_buffer_size;
    axk_build_plan_apply;
    axk_build_plan_destroy;
    axk_build_plan_summary;
    axk_context_cancel;
    axk_context_create;
    axk_context_destroy;
    axk_context_last_error;
    axk_context_last_error_info;
    axk_context_reset_cancel;
    axk_context_set_progress_callback;
    axk_context_set_progress_callback_v1;
    axk_hds_alter;
    axk_hds_build_plan_create;
    axk_hds_create;
    axk_hds_transaction_create;
    axk_image_close;
    axk_image_content_children;
    axk_image_export_audio;
    axk_image_objects;
    axk_image_open;
    axk_image_snapshot;
    axk_image_validation_summary;
    axk_image_waveform_pcm;
    axk_image_waveform_preview;
    axk_node_result_at;
    axk_node_result_count;
    axk_node_result_destroy;
    axk_node_result_total_count;
    axk_object_result_at;
    axk_object_result_count;
    axk_object_result_destroy;
    axk_object_result_total_count;
    axk_preview_result_at;
    axk_preview_result_count;
    axk_preview_result_destroy;
    axk_preview_result_frame_count;
    axk_snapshot_content_children;
    axk_snapshot_destroy;
    axk_snapshot_objects;
    axk_transaction_apply;
    axk_transaction_destroy;
    axk_transaction_summary;
  local: *;
};
